// Jest Snapshot v1, https://goo.gl/fbAQLP

exports[`App snapShot testing 1`] = `
<div
  className="App"
>
  <div
    className="sc-AxjAm jbvpYd"
    role="navigation"
  >
    <a
      data-testid="company-logo"
      href="/"
    >
      <img
        alt="Company Logo"
        className="sc-AxirZ kfDgON"
        src="/logo192.png"
      />
    </a>
    <div
      className="sc-AxiKw dVKru"
    >
      <a
        className="sc-AxhCb fqbCyO"
        href="/"
      >
         Home 
      </a>
      <a
        className="sc-AxhCb fqbCyO"
        href="/project"
      >
         Project 
      </a>
      <a
        className="sc-AxhCb fqbCyO"
        href="/blog"
      >
         Blog 
      </a>
      <a
        className="sc-AxhCb fqbCyO"
        href="/about"
      >
         About 
      </a>
    </div>
  </div>
  <div>
    <h1>
      Welcome to React Testing Example!
    </h1>
    <form
      onSubmit={[Function]}
    >
      <label>
        Email:
        <input
          name="email"
          onBlur={[Function]}
          onChange={[Function]}
          type="email"
          value=""
        />
      </label>
      <div
        data-testid="error-email"
        style={
          Object {
            "color": "red",
          }
        }
      />
      <label>
        Password:
        <input
          name="password"
          onBlur={[Function]}
          onChange={[Function]}
          type="password"
          value=""
        />
      </label>
      <div
        data-testid="error-password"
        style={
          Object {
            "color": "red",
          }
        }
      />
      <button
        disabled={false}
        type="submit"
      >
        Submit
      </button>
    </form>
  </div>
</div>
`;
